// Jest Snapshot v1, https://goo.gl/fbAQLP

exports[`can handle async actions 1`] = `
Array [
  Object {
    "allParentIds": Array [],
    "args": Array [
      "black",
    ],
    "id": 3,
    "name": "startFetch",
    "parentActionEvent": undefined,
    "parentEvent": undefined,
    "parentId": 0,
    "rootId": 3,
    "type": "action",
  },
  Object {
    "allParentIds": Array [
      3,
    ],
    "args": Array [
      "black",
    ],
    "id": 4,
    "name": "fetchData",
    "parentActionEvent": Object {
      "allParentIds": Array [],
      "args": Array [
        "black",
      ],
      "id": 3,
      "name": "startFetch",
      "parentActionEvent": undefined,
      "parentEvent": undefined,
      "parentId": 0,
      "rootId": 3,
      "type": "action",
    },
    "parentEvent": Object {
      "allParentIds": Array [],
      "args": Array [
        "black",
      ],
      "id": 3,
      "name": "startFetch",
      "parentActionEvent": undefined,
      "parentEvent": undefined,
      "parentId": 0,
      "rootId": 3,
      "type": "action",
    },
    "parentId": 3,
    "rootId": 3,
    "type": "flow_spawn",
  },
  Object {
    "allParentIds": Array [
      3,
    ],
    "args": Array [
      undefined,
    ],
    "id": 4,
    "name": "fetchData",
    "parentActionEvent": Object {
      "allParentIds": Array [],
      "args": Array [
        "black",
      ],
      "id": 3,
      "name": "startFetch",
      "parentActionEvent": undefined,
      "parentEvent": undefined,
      "parentId": 0,
      "rootId": 3,
      "type": "action",
    },
    "parentEvent": Object {
      "allParentIds": Array [],
      "args": Array [
        "black",
      ],
      "id": 3,
      "name": "startFetch",
      "parentActionEvent": undefined,
      "parentEvent": undefined,
      "parentId": 0,
      "rootId": 3,
      "type": "action",
    },
    "parentId": 3,
    "rootId": 3,
    "type": "flow_resume",
  },
  Object {
    "allParentIds": Array [
      3,
    ],
    "args": Array [
      "drinking coffee",
    ],
    "id": 4,
    "name": "fetchData",
    "parentActionEvent": Object {
      "allParentIds": Array [],
      "args": Array [
        "black",
      ],
      "id": 3,
      "name": "startFetch",
      "parentActionEvent": undefined,
      "parentEvent": undefined,
      "parentId": 0,
      "rootId": 3,
      "type": "action",
    },
    "parentEvent": Object {
      "allParentIds": Array [],
      "args": Array [
        "black",
      ],
      "id": 3,
      "name": "startFetch",
      "parentActionEvent": undefined,
      "parentEvent": undefined,
      "parentId": 0,
      "rootId": 3,
      "type": "action",
    },
    "parentId": 3,
    "rootId": 3,
    "type": "flow_resume",
  },
  Object {
    "allParentIds": Array [
      3,
    ],
    "args": Array [
      "awake",
    ],
    "id": 4,
    "name": "fetchData",
    "parentActionEvent": Object {
      "allParentIds": Array [],
      "args": Array [
        "black",
      ],
      "id": 3,
      "name": "startFetch",
      "parentActionEvent": undefined,
      "parentEvent": undefined,
      "parentId": 0,
      "rootId": 3,
      "type": "action",
    },
    "parentEvent": Object {
      "allParentIds": Array [],
      "args": Array [
        "black",
      ],
      "id": 3,
      "name": "startFetch",
      "parentActionEvent": undefined,
      "parentEvent": undefined,
      "parentId": 0,
      "rootId": 3,
      "type": "action",
    },
    "parentId": 3,
    "rootId": 3,
    "type": "flow_return",
  },
]
`;

exports[`can handle erroring actions 1`] = `
Array [
  Object {
    "allParentIds": Array [],
    "args": Array [
      "black",
    ],
    "id": 5,
    "name": "startFetch",
    "parentActionEvent": undefined,
    "parentEvent": undefined,
    "parentId": 0,
    "rootId": 5,
    "type": "action",
  },
  Object {
    "allParentIds": Array [
      5,
    ],
    "args": Array [
      "black",
    ],
    "id": 6,
    "name": "fetchData",
    "parentActionEvent": Object {
      "allParentIds": Array [],
      "args": Array [
        "black",
      ],
      "id": 5,
      "name": "startFetch",
      "parentActionEvent": undefined,
      "parentEvent": undefined,
      "parentId": 0,
      "rootId": 5,
      "type": "action",
    },
    "parentEvent": Object {
      "allParentIds": Array [],
      "args": Array [
        "black",
      ],
      "id": 5,
      "name": "startFetch",
      "parentActionEvent": undefined,
      "parentEvent": undefined,
      "parentId": 0,
      "rootId": 5,
      "type": "action",
    },
    "parentId": 5,
    "rootId": 5,
    "type": "flow_spawn",
  },
  Object {
    "allParentIds": Array [
      5,
    ],
    "args": Array [
      undefined,
    ],
    "id": 6,
    "name": "fetchData",
    "parentActionEvent": Object {
      "allParentIds": Array [],
      "args": Array [
        "black",
      ],
      "id": 5,
      "name": "startFetch",
      "parentActionEvent": undefined,
      "parentEvent": undefined,
      "parentId": 0,
      "rootId": 5,
      "type": "action",
    },
    "parentEvent": Object {
      "allParentIds": Array [],
      "args": Array [
        "black",
      ],
      "id": 5,
      "name": "startFetch",
      "parentActionEvent": undefined,
      "parentEvent": undefined,
      "parentId": 0,
      "rootId": 5,
      "type": "action",
    },
    "parentId": 5,
    "rootId": 5,
    "type": "flow_resume",
  },
  Object {
    "allParentIds": Array [
      5,
    ],
    "args": Array [
      "black",
    ],
    "id": 6,
    "name": "fetchData",
    "parentActionEvent": Object {
      "allParentIds": Array [],
      "args": Array [
        "black",
      ],
      "id": 5,
      "name": "startFetch",
      "parentActionEvent": undefined,
      "parentEvent": undefined,
      "parentId": 0,
      "rootId": 5,
      "type": "action",
    },
    "parentEvent": Object {
      "allParentIds": Array [],
      "args": Array [
        "black",
      ],
      "id": 5,
      "name": "startFetch",
      "parentActionEvent": undefined,
      "parentEvent": undefined,
      "parentId": 0,
      "rootId": 5,
      "type": "action",
    },
    "parentId": 5,
    "rootId": 5,
    "type": "flow_throw",
  },
]
`;

exports[`can handle nested async actions 1`] = `
Array [
  Object {
    "allParentIds": Array [],
    "args": Array [
      "black",
    ],
    "id": 25,
    "name": "startFetch",
    "parentActionEvent": undefined,
    "parentEvent": undefined,
    "parentId": 0,
    "rootId": 25,
    "type": "action",
  },
  Object {
    "allParentIds": Array [
      25,
    ],
    "args": Array [
      "black",
    ],
    "id": 26,
    "name": "fetchData",
    "parentActionEvent": Object {
      "allParentIds": Array [],
      "args": Array [
        "black",
      ],
      "id": 25,
      "name": "startFetch",
      "parentActionEvent": undefined,
      "parentEvent": undefined,
      "parentId": 0,
      "rootId": 25,
      "type": "action",
    },
    "parentEvent": Object {
      "allParentIds": Array [],
      "args": Array [
        "black",
      ],
      "id": 25,
      "name": "startFetch",
      "parentActionEvent": undefined,
      "parentEvent": undefined,
      "parentId": 0,
      "rootId": 25,
      "type": "action",
    },
    "parentId": 25,
    "rootId": 25,
    "type": "flow_spawn",
  },
  Object {
    "allParentIds": Array [
      25,
    ],
    "args": Array [
      undefined,
    ],
    "id": 26,
    "name": "fetchData",
    "parentActionEvent": Object {
      "allParentIds": Array [],
      "args": Array [
        "black",
      ],
      "id": 25,
      "name": "startFetch",
      "parentActionEvent": undefined,
      "parentEvent": undefined,
      "parentId": 0,
      "rootId": 25,
      "type": "action",
    },
    "parentEvent": Object {
      "allParentIds": Array [],
      "args": Array [
        "black",
      ],
      "id": 25,
      "name": "startFetch",
      "parentActionEvent": undefined,
      "parentEvent": undefined,
      "parentId": 0,
      "rootId": 25,
      "type": "action",
    },
    "parentId": 25,
    "rootId": 25,
    "type": "flow_resume",
  },
  Object {
    "allParentIds": Array [
      25,
      26,
    ],
    "args": Array [
      "drinking black",
    ],
    "id": 27,
    "name": "uppercase",
    "parentActionEvent": Object {
      "allParentIds": Array [],
      "args": Array [
        "black",
      ],
      "id": 25,
      "name": "startFetch",
      "parentActionEvent": undefined,
      "parentEvent": undefined,
      "parentId": 0,
      "rootId": 25,
      "type": "action",
    },
    "parentEvent": Object {
      "allParentIds": Array [
        25,
      ],
      "args": Array [
        undefined,
      ],
      "id": 26,
      "name": "fetchData",
      "parentActionEvent": Object {
        "allParentIds": Array [],
        "args": Array [
          "black",
        ],
        "id": 25,
        "name": "startFetch",
        "parentActionEvent": undefined,
        "parentEvent": undefined,
        "parentId": 0,
        "rootId": 25,
        "type": "action",
      },
      "parentEvent": Object {
        "allParentIds": Array [],
        "args": Array [
          "black",
        ],
        "id": 25,
        "name": "startFetch",
        "parentActionEvent": undefined,
        "parentEvent": undefined,
        "parentId": 0,
        "rootId": 25,
        "type": "action",
      },
      "parentId": 25,
      "rootId": 25,
      "type": "flow_resume",
    },
    "parentId": 26,
    "rootId": 25,
    "type": "flow_spawn",
  },
  Object {
    "allParentIds": Array [
      25,
      26,
    ],
    "args": Array [
      undefined,
    ],
    "id": 27,
    "name": "uppercase",
    "parentActionEvent": Object {
      "allParentIds": Array [],
      "args": Array [
        "black",
      ],
      "id": 25,
      "name": "startFetch",
      "parentActionEvent": undefined,
      "parentEvent": undefined,
      "parentId": 0,
      "rootId": 25,
      "type": "action",
    },
    "parentEvent": Object {
      "allParentIds": Array [
        25,
      ],
      "args": Array [
        undefined,
      ],
      "id": 26,
      "name": "fetchData",
      "parentActionEvent": Object {
        "allParentIds": Array [],
        "args": Array [
          "black",
        ],
        "id": 25,
        "name": "startFetch",
        "parentActionEvent": undefined,
        "parentEvent": undefined,
        "parentId": 0,
        "rootId": 25,
        "type": "action",
      },
      "parentEvent": Object {
        "allParentIds": Array [],
        "args": Array [
          "black",
        ],
        "id": 25,
        "name": "startFetch",
        "parentActionEvent": undefined,
        "parentEvent": undefined,
        "parentId": 0,
        "rootId": 25,
        "type": "action",
      },
      "parentId": 25,
      "rootId": 25,
      "type": "flow_resume",
    },
    "parentId": 26,
    "rootId": 25,
    "type": "flow_resume",
  },
  Object {
    "allParentIds": Array [
      25,
      26,
    ],
    "args": Array [
      "DRINKING BLACK",
    ],
    "id": 27,
    "name": "uppercase",
    "parentActionEvent": Object {
      "allParentIds": Array [],
      "args": Array [
        "black",
      ],
      "id": 25,
      "name": "startFetch",
      "parentActionEvent": undefined,
      "parentEvent": undefined,
      "parentId": 0,
      "rootId": 25,
      "type": "action",
    },
    "parentEvent": Object {
      "allParentIds": Array [
        25,
      ],
      "args": Array [
        undefined,
      ],
      "id": 26,
      "name": "fetchData",
      "parentActionEvent": Object {
        "allParentIds": Array [],
        "args": Array [
          "black",
        ],
        "id": 25,
        "name": "startFetch",
        "parentActionEvent": undefined,
        "parentEvent": undefined,
        "parentId": 0,
        "rootId": 25,
        "type": "action",
      },
      "parentEvent": Object {
        "allParentIds": Array [],
        "args": Array [
          "black",
        ],
        "id": 25,
        "name": "startFetch",
        "parentActionEvent": undefined,
        "parentEvent": undefined,
        "parentId": 0,
        "rootId": 25,
        "type": "action",
      },
      "parentId": 25,
      "rootId": 25,
      "type": "flow_resume",
    },
    "parentId": 26,
    "rootId": 25,
    "type": "flow_resume",
  },
  Object {
    "allParentIds": Array [
      25,
      26,
    ],
    "args": Array [
      "DRINKING BLACK",
    ],
    "id": 27,
    "name": "uppercase",
    "parentActionEvent": Object {
      "allParentIds": Array [],
      "args": Array [
        "black",
      ],
      "id": 25,
      "name": "startFetch",
      "parentActionEvent": undefined,
      "parentEvent": undefined,
      "parentId": 0,
      "rootId": 25,
      "type": "action",
    },
    "parentEvent": Object {
      "allParentIds": Array [
        25,
      ],
      "args": Array [
        undefined,
      ],
      "id": 26,
      "name": "fetchData",
      "parentActionEvent": Object {
        "allParentIds": Array [],
        "args": Array [
          "black",
        ],
        "id": 25,
        "name": "startFetch",
        "parentActionEvent": undefined,
        "parentEvent": undefined,
        "parentId": 0,
        "rootId": 25,
        "type": "action",
      },
      "parentEvent": Object {
        "allParentIds": Array [],
        "args": Array [
          "black",
        ],
        "id": 25,
        "name": "startFetch",
        "parentActionEvent": undefined,
        "parentEvent": undefined,
        "parentId": 0,
        "rootId": 25,
        "type": "action",
      },
      "parentId": 25,
      "rootId": 25,
      "type": "flow_resume",
    },
    "parentId": 26,
    "rootId": 25,
    "type": "flow_return",
  },
  Object {
    "allParentIds": Array [
      25,
    ],
    "args": Array [
      "DRINKING BLACK",
    ],
    "id": 26,
    "name": "fetchData",
    "parentActionEvent": Object {
      "allParentIds": Array [],
      "args": Array [
        "black",
      ],
      "id": 25,
      "name": "startFetch",
      "parentActionEvent": undefined,
      "parentEvent": undefined,
      "parentId": 0,
      "rootId": 25,
      "type": "action",
    },
    "parentEvent": Object {
      "allParentIds": Array [],
      "args": Array [
        "black",
      ],
      "id": 25,
      "name": "startFetch",
      "parentActionEvent": undefined,
      "parentEvent": undefined,
      "parentId": 0,
      "rootId": 25,
      "type": "action",
    },
    "parentId": 25,
    "rootId": 25,
    "type": "flow_resume",
  },
  Object {
    "allParentIds": Array [
      25,
    ],
    "args": Array [
      "DRINKING BLACK",
    ],
    "id": 26,
    "name": "fetchData",
    "parentActionEvent": Object {
      "allParentIds": Array [],
      "args": Array [
        "black",
      ],
      "id": 25,
      "name": "startFetch",
      "parentActionEvent": undefined,
      "parentEvent": undefined,
      "parentId": 0,
      "rootId": 25,
      "type": "action",
    },
    "parentEvent": Object {
      "allParentIds": Array [],
      "args": Array [
        "black",
      ],
      "id": 25,
      "name": "startFetch",
      "parentActionEvent": undefined,
      "parentEvent": undefined,
      "parentId": 0,
      "rootId": 25,
      "type": "action",
    },
    "parentId": 25,
    "rootId": 25,
    "type": "flow_return",
  },
]
`;

exports[`can handle throw from yielded promise works 1`] = `
Array [
  Object {
    "allParentIds": Array [],
    "args": Array [
      "black",
    ],
    "id": 11,
    "name": "startFetch",
    "parentActionEvent": undefined,
    "parentEvent": undefined,
    "parentId": 0,
    "rootId": 11,
    "type": "action",
  },
  Object {
    "allParentIds": Array [
      11,
    ],
    "args": Array [
      "black",
    ],
    "id": 12,
    "name": "fetchData",
    "parentActionEvent": Object {
      "allParentIds": Array [],
      "args": Array [
        "black",
      ],
      "id": 11,
      "name": "startFetch",
      "parentActionEvent": undefined,
      "parentEvent": undefined,
      "parentId": 0,
      "rootId": 11,
      "type": "action",
    },
    "parentEvent": Object {
      "allParentIds": Array [],
      "args": Array [
        "black",
      ],
      "id": 11,
      "name": "startFetch",
      "parentActionEvent": undefined,
      "parentEvent": undefined,
      "parentId": 0,
      "rootId": 11,
      "type": "action",
    },
    "parentId": 11,
    "rootId": 11,
    "type": "flow_spawn",
  },
  Object {
    "allParentIds": Array [
      11,
    ],
    "args": Array [
      undefined,
    ],
    "id": 12,
    "name": "fetchData",
    "parentActionEvent": Object {
      "allParentIds": Array [],
      "args": Array [
        "black",
      ],
      "id": 11,
      "name": "startFetch",
      "parentActionEvent": undefined,
      "parentEvent": undefined,
      "parentId": 0,
      "rootId": 11,
      "type": "action",
    },
    "parentEvent": Object {
      "allParentIds": Array [],
      "args": Array [
        "black",
      ],
      "id": 11,
      "name": "startFetch",
      "parentActionEvent": undefined,
      "parentEvent": undefined,
      "parentId": 0,
      "rootId": 11,
      "type": "action",
    },
    "parentId": 11,
    "rootId": 11,
    "type": "flow_resume",
  },
  Object {
    "allParentIds": Array [
      11,
    ],
    "args": Array [
      "x",
    ],
    "id": 12,
    "name": "fetchData",
    "parentActionEvent": Object {
      "allParentIds": Array [],
      "args": Array [
        "black",
      ],
      "id": 11,
      "name": "startFetch",
      "parentActionEvent": undefined,
      "parentEvent": undefined,
      "parentId": 0,
      "rootId": 11,
      "type": "action",
    },
    "parentEvent": Object {
      "allParentIds": Array [],
      "args": Array [
        "black",
      ],
      "id": 11,
      "name": "startFetch",
      "parentActionEvent": undefined,
      "parentEvent": undefined,
      "parentId": 0,
      "rootId": 11,
      "type": "action",
    },
    "parentId": 11,
    "rootId": 11,
    "type": "flow_resume_error",
  },
  Object {
    "allParentIds": Array [
      11,
    ],
    "args": Array [
      "x",
    ],
    "id": 12,
    "name": "fetchData",
    "parentActionEvent": Object {
      "allParentIds": Array [],
      "args": Array [
        "black",
      ],
      "id": 11,
      "name": "startFetch",
      "parentActionEvent": undefined,
      "parentEvent": undefined,
      "parentId": 0,
      "rootId": 11,
      "type": "action",
    },
    "parentEvent": Object {
      "allParentIds": Array [],
      "args": Array [
        "black",
      ],
      "id": 11,
      "name": "startFetch",
      "parentActionEvent": undefined,
      "parentEvent": undefined,
      "parentId": 0,
      "rootId": 11,
      "type": "action",
    },
    "parentId": 11,
    "rootId": 11,
    "type": "flow_throw",
  },
]
`;

exports[`can handle try catch 1`] = `
Array [
  Object {
    "allParentIds": Array [],
    "args": Array [
      "black",
    ],
    "id": 7,
    "name": "startFetch",
    "parentActionEvent": undefined,
    "parentEvent": undefined,
    "parentId": 0,
    "rootId": 7,
    "type": "action",
  },
  Object {
    "allParentIds": Array [
      7,
    ],
    "args": Array [
      "black",
    ],
    "id": 8,
    "name": "fetchData",
    "parentActionEvent": Object {
      "allParentIds": Array [],
      "args": Array [
        "black",
      ],
      "id": 7,
      "name": "startFetch",
      "parentActionEvent": undefined,
      "parentEvent": undefined,
      "parentId": 0,
      "rootId": 7,
      "type": "action",
    },
    "parentEvent": Object {
      "allParentIds": Array [],
      "args": Array [
        "black",
      ],
      "id": 7,
      "name": "startFetch",
      "parentActionEvent": undefined,
      "parentEvent": undefined,
      "parentId": 0,
      "rootId": 7,
      "type": "action",
    },
    "parentId": 7,
    "rootId": 7,
    "type": "flow_spawn",
  },
  Object {
    "allParentIds": Array [
      7,
    ],
    "args": Array [
      undefined,
    ],
    "id": 8,
    "name": "fetchData",
    "parentActionEvent": Object {
      "allParentIds": Array [],
      "args": Array [
        "black",
      ],
      "id": 7,
      "name": "startFetch",
      "parentActionEvent": undefined,
      "parentEvent": undefined,
      "parentId": 0,
      "rootId": 7,
      "type": "action",
    },
    "parentEvent": Object {
      "allParentIds": Array [],
      "args": Array [
        "black",
      ],
      "id": 7,
      "name": "startFetch",
      "parentActionEvent": undefined,
      "parentEvent": undefined,
      "parentId": 0,
      "rootId": 7,
      "type": "action",
    },
    "parentId": 7,
    "rootId": 7,
    "type": "flow_resume",
  },
  Object {
    "allParentIds": Array [
      7,
    ],
    "args": Array [
      "tea",
    ],
    "id": 8,
    "name": "fetchData",
    "parentActionEvent": Object {
      "allParentIds": Array [],
      "args": Array [
        "black",
      ],
      "id": 7,
      "name": "startFetch",
      "parentActionEvent": undefined,
      "parentEvent": undefined,
      "parentId": 0,
      "rootId": 7,
      "type": "action",
    },
    "parentEvent": Object {
      "allParentIds": Array [],
      "args": Array [
        "black",
      ],
      "id": 7,
      "name": "startFetch",
      "parentActionEvent": undefined,
      "parentEvent": undefined,
      "parentId": 0,
      "rootId": 7,
      "type": "action",
    },
    "parentId": 7,
    "rootId": 7,
    "type": "flow_resume_error",
  },
  Object {
    "allParentIds": Array [
      7,
    ],
    "args": Array [
      "biscuit",
    ],
    "id": 8,
    "name": "fetchData",
    "parentActionEvent": Object {
      "allParentIds": Array [],
      "args": Array [
        "black",
      ],
      "id": 7,
      "name": "startFetch",
      "parentActionEvent": undefined,
      "parentEvent": undefined,
      "parentId": 0,
      "rootId": 7,
      "type": "action",
    },
    "parentEvent": Object {
      "allParentIds": Array [],
      "args": Array [
        "black",
      ],
      "id": 7,
      "name": "startFetch",
      "parentActionEvent": undefined,
      "parentEvent": undefined,
      "parentId": 0,
      "rootId": 7,
      "type": "action",
    },
    "parentId": 7,
    "rootId": 7,
    "type": "flow_return",
  },
]
`;

exports[`empty sequence works 1`] = `
Array [
  Object {
    "allParentIds": Array [],
    "args": Array [
      "black",
    ],
    "id": 9,
    "name": "startFetch",
    "parentActionEvent": undefined,
    "parentEvent": undefined,
    "parentId": 0,
    "rootId": 9,
    "type": "action",
  },
  Object {
    "allParentIds": Array [
      9,
    ],
    "args": Array [
      "black",
    ],
    "id": 10,
    "name": "fetchData",
    "parentActionEvent": Object {
      "allParentIds": Array [],
      "args": Array [
        "black",
      ],
      "id": 9,
      "name": "startFetch",
      "parentActionEvent": undefined,
      "parentEvent": undefined,
      "parentId": 0,
      "rootId": 9,
      "type": "action",
    },
    "parentEvent": Object {
      "allParentIds": Array [],
      "args": Array [
        "black",
      ],
      "id": 9,
      "name": "startFetch",
      "parentActionEvent": undefined,
      "parentEvent": undefined,
      "parentId": 0,
      "rootId": 9,
      "type": "action",
    },
    "parentId": 9,
    "rootId": 9,
    "type": "flow_spawn",
  },
  Object {
    "allParentIds": Array [
      9,
    ],
    "args": Array [
      undefined,
    ],
    "id": 10,
    "name": "fetchData",
    "parentActionEvent": Object {
      "allParentIds": Array [],
      "args": Array [
        "black",
      ],
      "id": 9,
      "name": "startFetch",
      "parentActionEvent": undefined,
      "parentEvent": undefined,
      "parentId": 0,
      "rootId": 9,
      "type": "action",
    },
    "parentEvent": Object {
      "allParentIds": Array [],
      "args": Array [
        "black",
      ],
      "id": 9,
      "name": "startFetch",
      "parentActionEvent": undefined,
      "parentEvent": undefined,
      "parentId": 0,
      "rootId": 9,
      "type": "action",
    },
    "parentId": 9,
    "rootId": 9,
    "type": "flow_resume",
  },
  Object {
    "allParentIds": Array [
      9,
    ],
    "args": Array [
      undefined,
    ],
    "id": 10,
    "name": "fetchData",
    "parentActionEvent": Object {
      "allParentIds": Array [],
      "args": Array [
        "black",
      ],
      "id": 9,
      "name": "startFetch",
      "parentActionEvent": undefined,
      "parentEvent": undefined,
      "parentId": 0,
      "rootId": 9,
      "type": "action",
    },
    "parentEvent": Object {
      "allParentIds": Array [],
      "args": Array [
        "black",
      ],
      "id": 9,
      "name": "startFetch",
      "parentActionEvent": undefined,
      "parentEvent": undefined,
      "parentId": 0,
      "rootId": 9,
      "type": "action",
    },
    "parentId": 9,
    "rootId": 9,
    "type": "flow_return",
  },
]
`;
